=== SMART BUILD (sync + inkrementální proot/native/gradle) ===
╭───────────────────── Traceback (most recent call last) ──────────────────────╮
│ /usr/local/lib/python3.13/dist-packages/modal/cli/import_refs.py:98 in       │
│ import_file_or_module                                                        │
│                                                                              │
│    97 │   │   │   assert spec.loader                                         │
│ ❱  98 │   │   │   spec.loader.exec_module(module)                            │
│    99 │   │   except Exception as exc:                                       │
│ <frozen importlib._bootstrap_external>:1022 in exec_module                   │
│                                                                              │
│ <frozen importlib._bootstrap_external>:1160 in get_code                      │
│                                                                              │
│ <frozen importlib._bootstrap_external>:1090 in source_to_code                │
│                                                                              │
│ <frozen importlib._bootstrap>:488 in _call_with_frames_removed               │
│                                                                              │
╰──────────────────────────────────────────────────────────────────────────────╯
╭──────────────────────────────────────────────────────────────────────────────╮
│  /root/core/kali_core_emulator/modal_build.py:884                            │
│     _build_linux_x11("/vol/src")                                             │
│    ▲                                                                         │
╰──────────────────────────────────────────────────────────────────────────────╯
IndentationError: unexpected indent
